TLC2 Version 2.19 of 08 August 2024 (rev: 5a47802)
Running breadth-first search Model-Checking with fp 113 and seed 6280239359751791326 with 4 workers on 16 cores with 3356MB heap and 64MB offheap memory [pid: 19296] (Windows 11 10.0 amd64, Eclipse Adoptium 17.0.20.1 x86_64, MSBDiskFPSet, DiskStateQueue).
Parsing file D:\cognitive-shadow-theorem\tla-spec\CognitiveShadow_Model.tla
Parsing file C:\Users\Valery\AppData\Local\Temp\Integers.tla
Parsing file C:\Users\Valery\AppData\Local\Temp\FiniteSets.tla
Parsing file C:\Users\Valery\AppData\Local\Temp\TLC.tla
Parsing file C:\Users\Valery\AppData\Local\Temp\Naturals.tla
Parsing file C:\Users\Valery\AppData\Local\Temp\Sequences.tla
Semantic processing of module Naturals
Semantic processing of module Integers
Semantic processing of module Sequences
Semantic processing of module FiniteSets
Semantic processing of module TLC
Semantic processing of module CognitiveShadow_Model
Starting... (2026-09-12 11:56:21)
Computing initial states...
Finished computing initial states: 1 distinct state generated at 2026-09-12 11:56:21.
Model checking completed. No error has been found.
  Estimates of the probability that TLC did not check all reachable states
  because two distinct states had the same fingerprint:
  calculated (optimistic):  val = 2.7E-10
  based on the actual fingerprints:  val = 1.8E-11
161941 states generated, 41979 distinct states found, 0 states left on queue.
The depth of the complete state graph search is 2009.
The average outdegree of the complete state graph is 1 (minimum is 0, the maximum 4 and the 95th percentile is 1).
Finished in 03s at (2026-09-12 11:56:24)
